\BOOKMARK [0][-]{chapter*.1}{\376\377\000W\000s\000t\001\031\000p}{}% 1
\BOOKMARK [0][-]{chapter.1}{\376\377\000R\000a\000c\000j\000o\000n\000a\000l\000n\000y\000\040\000f\000a\000s\000z\000y\000z\000m}{}% 2
\BOOKMARK [1][-]{section*.3}{\376\377\000P\000l\000u\000t\000o\000k\000r\000a\000c\000i\000\040\000w\000y\000b\000i\000e\000r\000a\000j\001\005\000\040\000a\000u\000t\000o\000k\000r\000a\000t\000\363\000w}{chapter.1}% 3
\BOOKMARK [1][-]{section*.4}{\376\377\000K\000o\000g\000o\000\040\000w\000s\000p\000i\000e\000r\000a\000l\000i\000\040\000f\000a\000s\000z\000y\001\133\000c\000i\000?}{chapter.1}% 4
\BOOKMARK [1][-]{section*.5}{\376\377\000G\000r\000a\000t\000u\000l\000a\000c\000j\000e\000\040\000d\000l\000a\000\040\000A\000d\000o\000l\000f\000a\000\040\000i\000\040\000B\000e\000n\000i\000t\000o}{chapter.1}% 5
\BOOKMARK [1][-]{section*.6}{\376\377\000R\000a\000c\000j\000o\000n\000a\000l\000n\000e\000\040\000w\000y\000k\000o\000r\000z\000y\000s\000t\000a\000n\000i\000e\000\040\000i\000r\000r\000a\000c\000j\000o\000n\000a\000l\000n\000e\000j\000\040\000i\000d\000e\000o\000l\000o\000g\000i\000i}{chapter.1}% 6
\BOOKMARK [1][-]{section*.7}{\376\377\000P\000a\000t\000r\000i\000a\000r\000c\000h\000a\000t\000\040\000i\000\040\000p\000s\000e\000u\000d\000o\000r\000e\000w\000o\000l\000u\000c\000j\000a}{chapter.1}% 7
\BOOKMARK [1][-]{section*.8}{\376\377\000P\000r\000z\000y\000j\000a\001\172\000n\000i\000\040\000d\000l\000a\000\040\000f\000a\000s\000z\000y\000z\000m\000u}{chapter.1}% 8
\BOOKMARK [0][-]{chapter.2}{\376\377\000C\000h\000w\000a\000l\000m\000y\000\040\000t\000e\000r\000a\000z\000\040\000r\000e\000w\000o\000l\000u\000c\000j\001\031}{}% 9
\BOOKMARK [1][-]{section*.10}{\376\377\000K\000o\000s\000z\000t\000y\000\040\000k\000o\000n\000t\000r\000r\000e\000w\000o\000l\000u\000c\000j\000i}{chapter.2}% 10
\BOOKMARK [1][-]{section*.11}{\376\377\000R\000o\000s\000z\000c\000z\000e\000n\000i\000a\000\040\000d\000o\000\040\000w\001\102\000a\000d\000z\000y}{chapter.2}% 11
\BOOKMARK [1][-]{Item.4}{\376\377\000C\000z\000y\000j\000a\000\040\000p\000r\000z\000e\000m\000o\000c\000?}{chapter.2}% 12
\BOOKMARK [1][-]{section*.13}{\376\377\000W\000o\000l\000n\000y\000\040\000r\000y\000n\000e\000k\000\040\000d\000l\000a\000\040\000n\000i\000e\000l\000i\000c\000z\000n\000y\000c\000h}{chapter.2}% 13
\BOOKMARK [1][-]{section*.14}{\376\377\000W\000o\000l\000n\000o\001\133\001\007\000\040\000r\000e\000w\000o\000l\000u\000c\000j\000i}{chapter.2}% 14
\BOOKMARK [1][-]{section*.15}{\376\377\000J\000a\000k\000a\000\040\000m\000i\000a\000r\000a\000\040\000b\000\363\000l\000u\000?}{chapter.2}% 15
\BOOKMARK [0][-]{chapter.3}{\376\377\000L\000e\000w\000i\000c\000o\000w\000y\000\040\000a\000n\000t\000y\000k\000o\000m\000u\000n\000i\000z\000m}{}% 16
\BOOKMARK [1][-]{section*.17}{\376\377\000U\000g\000i\001\031\000c\000i\000e\000\040\000s\000i\001\031\000\040\000p\000r\000z\000e\000d\000\040\000o\000r\000t\000o\000d\000o\000k\000s\000j\001\005}{chapter.3}% 17
\BOOKMARK [1][-]{section*.18}{\376\377\000C\000z\000y\000s\000t\000y\000\040\000s\000o\000c\000j\000a\000l\000i\000z\000m\000,\000\040\000a\000\040\000s\000o\000c\000j\000a\000l\000i\000z\000m\000\040\000w\000\040\000o\000b\000l\001\031\001\174\000e\000n\000i\000u}{chapter.3}% 18
\BOOKMARK [1][-]{section*.19}{\376\377\000D\000e\000c\000e\000n\000t\000r\000a\000l\000i\000z\000a\000c\000j\000a\000,\000\040\000a\000\040\000p\000r\000z\000e\000t\000r\000w\000a\000n\000i\000e}{chapter.3}% 19
\BOOKMARK [0][-]{chapter.4}{\376\377\000K\000o\000m\000u\000n\000i\000z\000m\000\040\000w\000\040\000K\000r\000a\000i\000n\000i\000e\000\040\000C\000z\000a\000r\000\363\000w}{}% 20
\BOOKMARK [0][-]{chapter.5}{\376\377\000P\000a\000l\000c\000e\000\040\000S\000t\000a\000l\000i\000n\000a}{}% 21
